C51 COMPILER V9.00   TIMER2                                                                03/06/2017 10:59:07 PAGE 1   


C51 COMPILER V9.00, COMPILATION OF MODULE TIMER2
OBJECT MODULE PLACED IN .\Objects\Timer2.obj
COMPILER INVOKED BY: C:\Keil_v5\C51\BIN\C51.EXE source code\Timer2.c OPTIMIZE(8,SPEED) BROWSE INCDIR(.\include) DEFINE(F
                    -OSC_160000) DEBUG OBJECTEXTEND PRINT(.\Listings\Timer2.lst) TABS(2) OBJECT(.\Objects\Timer2.obj)

line level    source

   1          /*--------------------------------------------------------------------------------------------------------
             --*/
   2          /*                                                                                                        
             - */
   3          /* Copyright(c) 2016 Nuvoton Technology Corp. All rights reserved.                                        
             - */
   4          /*                                                                                                        
             - */
   5          /*--------------------------------------------------------------------------------------------------------
             --*/
   6          
   7          //********************************************************************************************************
             -***
   8          //  Nuvoton Technoledge Corp. 
   9          //  Website: http://www.nuvoton.com
  10          //  E-Mail : MicroC-8bit@nuvoton.com
  11          //  Date   : Apr/21/2016
  12          //********************************************************************************************************
             -***
  13          
  14          //********************************************************************************************************
             -***
  15          //  File Function: N76E885 Time2_ISR
  16          //********************************************************************************************************
             -***
  17          
  18          #include "Time2.h"
  19          
  20          unsigned long     time1=0;
  21          #define TH0_INIT        50//50000 
  22          #define TL0_INIT        50//50000
  23          #define TH1_INIT        25000 
  24          #define TL1_INIT        25000
  25          
  26          unsigned long u8TH0_Tmp,u8TL0_Tmp,u8TH1_Tmp,u8TL1_Tmp;
  27          
  28          //-------------------------------------------------------------------------
  29          void Time0_ISR_init(void)
  30          {
  31   1        TIMER0_MODE1_ENABLE;
  32   1        clr_T0M;
  33   1          u8TH0_Tmp = (65536-TH0_INIT)/256;
  34   1          u8TL0_Tmp = (65536-TL0_INIT)%256;
  35   1          TH0 = u8TH0_Tmp;
  36   1          TL0 = u8TL0_Tmp;
  37   1        set_ET0; 
  38   1      }
  39          
  40          /*********************************************************************************************************
             -***
  41          *    Timer2 interrupt subroutine
  42          **********************************************************************************************************
             -**/
  43          void Timer0_ISR (void) interrupt 3  //interrupt address is 0x001B
C51 COMPILER V9.00   TIMER2                                                                03/06/2017 10:59:07 PAGE 2   

  44          {
  45   1          TH0 = u8TH0_Tmp;
  46   1          TL0 = u8TL0_Tmp;   
  47   1          time1++;
  48   1          P03 = ~P03;                     //P0.3 toggle when interrupt
  49   1      }


MODULE INFORMATION:   STATIC OVERLAYABLE
   CODE SIZE        =     75    ----
   CONSTANT SIZE    =   ----    ----
   XDATA SIZE       =   ----    ----
   PDATA SIZE       =   ----    ----
   DATA SIZE        =     20    ----
   IDATA SIZE       =   ----    ----
   BIT SIZE         =   ----    ----
END OF MODULE INFORMATION.


C51 COMPILATION COMPLETE.  0 WARNING(S),  0 ERROR(S)
