C51 COMPILER V9.00   MAIN_DEMO                                                             03/29/2017 15:56:41 PAGE 1   


C51 COMPILER V9.00, COMPILATION OF MODULE MAIN_DEMO
OBJECT MODULE PLACED IN .\Objects\MAIN_DEMO.obj
COMPILER INVOKED BY: C:\Keil_v5\C51\BIN\C51.EXE demo\MAIN_DEMO.C OPTIMIZE(8,SPEED) BROWSE INCDIR(.\include;.\common;.\mo
                    -dule;..\库函数) DEFINE(FOSC_160000) DEBUG OBJECTEXTEND PRINT(.\Listings\MAIN_DEMO.lst) OBJECT(.\Objects\MAIN_DEMO.obj)

line level    source

   1          //  File Function: N76E885 demo 
   2          //********************************************************************************************************
             -***
   3          #include <stdio.h>
   4          #include "N76E003.h"
   5          #include "Define.h"
   6          #include "Common.h"
   7          #include "Delay.h"
   8          #include "SFR_Macro.h"
   9          #include "Function_define.h"
  10          #include "GPIO.h"
  11          
  12          
  13          /*************  本地常量声明    **************/
  14          
  15          
  16          /*************  本地变量声明    **************/
  17          
  18          
  19          /*************  本地函数声明    **************/
  20          void    mcu_init(void);
  21          void    GPIO_config(void);
  22          
  23          /*************  外部函数和变量声明 *****************/
  24          
  25          void    mcu_init(void)
  26          {
  27   1              GPIO_config();
  28   1      }
  29          
  30          
  31          /******************** IO配置函数 **************************/
  32          void    GPIO_config(void)
  33          {
  34   1              GPIO_InitTypeDef        GPIO_InitStructure;             //结构定义
  35   1      /*************  P0      **************/ 
  36   1              GPIO_InitStructure.Pin  = GPIO_Pin_0;
  37   1              GPIO_InitStructure.Mode = GPIO_PullUp;
  38   1      //      GPIO_InitStructure.Mode = GPIO_HighZ;
  39   1      //      GPIO_InitStructure.Mode = GPIO_OUT_OD;
  40   1      //      GPIO_InitStructure.Mode = GPIO_OUT_PP;
  41   1              GPIO_Inilize(GPIO_P0,&GPIO_InitStructure);
  42   1              
  43   1              GPIO_InitStructure.Pin  = GPIO_Pin_1;
  44   1              GPIO_InitStructure.Mode = GPIO_PullUp;
  45   1      //      GPIO_InitStructure.Mode = GPIO_HighZ;
  46   1      //      GPIO_InitStructure.Mode = GPIO_OUT_OD;
  47   1      //      GPIO_InitStructure.Mode = GPIO_OUT_PP;
  48   1              GPIO_Inilize(GPIO_P0,&GPIO_InitStructure);
  49   1              
  50   1              GPIO_InitStructure.Pin  = GPIO_Pin_2;
  51   1              GPIO_InitStructure.Mode = GPIO_PullUp;
  52   1      //      GPIO_InitStructure.Mode = GPIO_HighZ;
  53   1      //      GPIO_InitStructure.Mode = GPIO_OUT_OD;
C51 COMPILER V9.00   MAIN_DEMO                                                             03/29/2017 15:56:41 PAGE 2   

  54   1      //      GPIO_InitStructure.Mode = GPIO_OUT_PP;
  55   1              GPIO_Inilize(GPIO_P0,&GPIO_InitStructure);
  56   1              
  57   1              GPIO_InitStructure.Pin  = GPIO_Pin_3;
  58   1              GPIO_InitStructure.Mode = GPIO_PullUp;
  59   1      //      GPIO_InitStructure.Mode = GPIO_HighZ;
  60   1      //      GPIO_InitStructure.Mode = GPIO_OUT_OD;
  61   1      //      GPIO_InitStructure.Mode = GPIO_OUT_PP;
  62   1              GPIO_Inilize(GPIO_P0,&GPIO_InitStructure);
  63   1              
  64   1              GPIO_InitStructure.Pin  = GPIO_Pin_4;
  65   1              GPIO_InitStructure.Mode = GPIO_PullUp;
  66   1      //      GPIO_InitStructure.Mode = GPIO_HighZ;
  67   1      //      GPIO_InitStructure.Mode = GPIO_OUT_OD;
  68   1      //      GPIO_InitStructure.Mode = GPIO_OUT_PP;
  69   1              GPIO_Inilize(GPIO_P0,&GPIO_InitStructure);
  70   1              
  71   1              GPIO_InitStructure.Pin  = GPIO_Pin_5;
  72   1              GPIO_InitStructure.Mode = GPIO_PullUp;
  73   1      //      GPIO_InitStructure.Mode = GPIO_HighZ;
  74   1      //      GPIO_InitStructure.Mode = GPIO_OUT_OD;
  75   1      //      GPIO_InitStructure.Mode = GPIO_OUT_PP;
  76   1              GPIO_Inilize(GPIO_P0,&GPIO_InitStructure);
  77   1              
  78   1              GPIO_InitStructure.Pin  = GPIO_Pin_6;
  79   1              GPIO_InitStructure.Mode = GPIO_PullUp;
  80   1      //      GPIO_InitStructure.Mode = GPIO_HighZ;
  81   1      //      GPIO_InitStructure.Mode = GPIO_OUT_OD;
  82   1      //      GPIO_InitStructure.Mode = GPIO_OUT_PP;
  83   1              GPIO_Inilize(GPIO_P0,&GPIO_InitStructure);
  84   1              
  85   1              GPIO_InitStructure.Pin  = GPIO_Pin_7;
  86   1              GPIO_InitStructure.Mode = GPIO_PullUp;
  87   1      //      GPIO_InitStructure.Mode = GPIO_HighZ;
  88   1      //      GPIO_InitStructure.Mode = GPIO_OUT_OD;
  89   1      //      GPIO_InitStructure.Mode = GPIO_OUT_PP;
  90   1              GPIO_Inilize(GPIO_P0,&GPIO_InitStructure);
  91   1              
  92   1      //      GPIO_InitStructure.Pin  = GPIO_Pin_All;         //指定要初始化的IO, GPIO_Pin_0 ~ GPIO_Pin_7, 或操作
  93   1      //      GPIO_InitStructure.Mode = GPIO_HighZ;           //指定IO的输入或输出方式,GPIO_PullUp,GPIO_HighZ,GPIO_OUT_OD,GPIO
             -_OUT_PP
  94   1      //      GPIO_Inilize(GPIO_P0,&GPIO_InitStructure);      //初始化
  95   1      
  96   1      
  97   1      /*************  P1      **************/
  98   1              GPIO_InitStructure.Pin  = GPIO_Pin_0;
  99   1              GPIO_InitStructure.Mode = GPIO_PullUp;
 100   1      //      GPIO_InitStructure.Mode = GPIO_HighZ;
 101   1      //      GPIO_InitStructure.Mode = GPIO_OUT_OD;
 102   1      //      GPIO_InitStructure.Mode = GPIO_OUT_PP;
 103   1              GPIO_Inilize(GPIO_P1,&GPIO_InitStructure);
 104   1              
 105   1              GPIO_InitStructure.Pin  = GPIO_Pin_1;
 106   1              GPIO_InitStructure.Mode = GPIO_PullUp;
 107   1      //      GPIO_InitStructure.Mode = GPIO_HighZ;
 108   1      //      GPIO_InitStructure.Mode = GPIO_OUT_OD;
 109   1      //      GPIO_InitStructure.Mode = GPIO_OUT_PP;
 110   1              GPIO_Inilize(GPIO_P1,&GPIO_InitStructure);
 111   1              
 112   1              GPIO_InitStructure.Pin  = GPIO_Pin_2;
 113   1              GPIO_InitStructure.Mode = GPIO_PullUp;
 114   1      //      GPIO_InitStructure.Mode = GPIO_HighZ;
C51 COMPILER V9.00   MAIN_DEMO                                                             03/29/2017 15:56:41 PAGE 3   

 115   1      //      GPIO_InitStructure.Mode = GPIO_OUT_OD;
 116   1      //      GPIO_InitStructure.Mode = GPIO_OUT_PP;
 117   1              GPIO_Inilize(GPIO_P1,&GPIO_InitStructure);
 118   1              
 119   1              GPIO_InitStructure.Pin  = GPIO_Pin_3;
 120   1              GPIO_InitStructure.Mode = GPIO_PullUp;
 121   1      //      GPIO_InitStructure.Mode = GPIO_HighZ;
 122   1      //      GPIO_InitStructure.Mode = GPIO_OUT_OD;
 123   1      //      GPIO_InitStructure.Mode = GPIO_OUT_PP;
 124   1              GPIO_Inilize(GPIO_P1,&GPIO_InitStructure);
 125   1              
 126   1              GPIO_InitStructure.Pin  = GPIO_Pin_4;
 127   1              GPIO_InitStructure.Mode = GPIO_PullUp;
 128   1      //      GPIO_InitStructure.Mode = GPIO_HighZ;
 129   1      //      GPIO_InitStructure.Mode = GPIO_OUT_OD;
 130   1      //      GPIO_InitStructure.Mode = GPIO_OUT_PP;
 131   1              GPIO_Inilize(GPIO_P1,&GPIO_InitStructure);
 132   1              
 133   1              GPIO_InitStructure.Pin  = GPIO_Pin_5;
 134   1              GPIO_InitStructure.Mode = GPIO_PullUp;
 135   1      //      GPIO_InitStructure.Mode = GPIO_HighZ;
 136   1      //      GPIO_InitStructure.Mode = GPIO_OUT_OD;
 137   1      //      GPIO_InitStructure.Mode = GPIO_OUT_PP;
 138   1              GPIO_Inilize(GPIO_P1,&GPIO_InitStructure);
 139   1              
 140   1              GPIO_InitStructure.Pin  = GPIO_Pin_6;
 141   1              GPIO_InitStructure.Mode = GPIO_PullUp;
 142   1      //      GPIO_InitStructure.Mode = GPIO_HighZ;
 143   1      //      GPIO_InitStructure.Mode = GPIO_OUT_OD;
 144   1      //      GPIO_InitStructure.Mode = GPIO_OUT_PP;
 145   1              GPIO_Inilize(GPIO_P1,&GPIO_InitStructure);
 146   1              
 147   1              GPIO_InitStructure.Pin  = GPIO_Pin_7;
 148   1              GPIO_InitStructure.Mode = GPIO_PullUp;
 149   1      //      GPIO_InitStructure.Mode = GPIO_HighZ;
 150   1      //      GPIO_InitStructure.Mode = GPIO_OUT_OD;
 151   1      //      GPIO_InitStructure.Mode = GPIO_OUT_PP;
 152   1              GPIO_Inilize(GPIO_P1,&GPIO_InitStructure);
 153   1              
 154   1              
 155   1      /*************  P2      **************/ 
 156   1              GPIO_InitStructure.Pin  = GPIO_Pin_0;
 157   1              GPIO_InitStructure.Mode = GPIO_HighZ;
 158   1      
 159   1              GPIO_Inilize(GPIO_P2,&GPIO_InitStructure);
 160   1      
 161   1              
 162   1      /*************  P3      **************/
 163   1              GPIO_InitStructure.Pin  = GPIO_Pin_0;
 164   1              GPIO_InitStructure.Mode = GPIO_PullUp;
 165   1      //      GPIO_InitStructure.Mode = GPIO_HighZ;
 166   1      //      GPIO_InitStructure.Mode = GPIO_OUT_OD;
 167   1      //      GPIO_InitStructure.Mode = GPIO_OUT_PP;
 168   1              GPIO_Inilize(GPIO_P3,&GPIO_InitStructure);
 169   1              
 170   1              
 171   1      }
 172          
 173          
 174          /******************************************************************************
 175          The main C function.  Program execution starts
 176          here after stack initialization.
C51 COMPILER V9.00   MAIN_DEMO                                                             03/29/2017 15:56:41 PAGE 4   

 177          ******************************************************************************/
 178          void main (void) 
 179          {
 180   1              mcu_init();
 181   1              while(1)
 182   1              {
 183   2                      
 184   2              }
 185   1      }


MODULE INFORMATION:   STATIC OVERLAYABLE
   CODE SIZE        =    289    ----
   CONSTANT SIZE    =   ----    ----
   XDATA SIZE       =   ----    ----
   PDATA SIZE       =   ----    ----
   DATA SIZE        =   ----       2
   IDATA SIZE       =   ----    ----
   BIT SIZE         =   ----    ----
END OF MODULE INFORMATION.


C51 COMPILATION COMPLETE.  0 WARNING(S),  0 ERROR(S)
